Marc	20	M	L	NL	 
Mariska	21	F	R	NL	 
Menno	?	M	?	NL	 
Saskia	19	F	R	NL	 
Stephani	20	F	R	NL	 
Marc	?	M	?	NL	 
Mariska	21	F	R	NL	 
Menno	20-25	M	?	NL	 
Saskia	19	F	R	NL	 
Stephani	20	F	R	NL	 
Aidan	?	M	?	IRL	 
Ben	?	M	?	IRL	 
Lesley	?	F	L	IRL	 
Mary	?	F	?	IRL	 
Pat	?	M	?	IRL	 
Carlo	30-35	M	?	IT	 
Gioseppe	30-35	M	?	IT	 
Giuseppe	30-35	M	?	IT	 
Pietro	30-35	M	?	IT	 
Vincenze	20-29	M	?	IT	 
Beata	19	F	R	NL	 
Hedy	29	F	R	NL	 
Ina	20	F	R	NL	 
Leonie	20	F	R	NL	 
Monique	18	F	R	NL	 
Nicole2	18	F	R	NL	 
Nicole	19	F	R	NL	 
Roeland	26	M	R	NL	 
Veron	18	F	R	NL	 
ANGELIEN	62	F	R	NL	 
ANNEMIEK	20	F	R	NL	 
ANTON	24	M	R	NL	 
BEATRIJS	27	F	R	NL	 
CORRIE	20	F	R	NL	 
DOUWE	28	M	R	NL	 
EELCO	24	M	R	NL	 
FLORIS	30	M	R	NL	 
GERRIT	24	M	R	NL	 
GERTJAN	31	M	R	NL	 
GUUS	24	M	R	NL	 
HANNIE	32	F	R	NL	 
HELEEN	23	F	L	NL	 
INEKE	31	F	R	NL	 
JANNEKE	24	F	R	NL	 
JOHAN	24	M	R	NL	 
JOOST	24	M	R	NL	 
JULIANA	25	F	R	NL	 
KATRIEN	26	F	R	NL	 
KEES	36	M	R	NL	 
KLAARTJE	25	F	R	NL	 
KLAAS	37	M	R	NL	 
KLAZIEN	22	F	R	NL	 
KOEN	30	M	R	NL	 
KOOS	54	M	R	NL	 
LOESJE	29	F	R	NL	 
MARIEKE	24	F	L	NL	 
MARK	32	M	R	NL	 
MARTIJN	32	M	L	NL	 
MIEP	25	F	R	NL	 
MONIEK	26	F	R	NZ	 
NOORTJE	23	F	R	Indonesia	 
ONNO	25	M	R	NL	 
PAULUS	29	M	R	NL	 
PIET	27	M	R	NL	 
REMCO	24	M	R	NL	 
RINTJE	25	M	R	Indonesia	 
RINUS	50	M	R	NL	 
RUUD	30	M	L	NL	 
SASKIA	29	F	R	NL	 
TEUN	25	M	R	NL	 
TINEKE	23	F	R	NL	 
WILLEM	42	M	L	NL	 
